// Jest Snapshot v1, https://goo.gl/fbAQLP

exports[`WrapperWithRedux when using the different render methods when using 'mount' matches snapshot 1`] = `
<ReduxDummy>
  <div
    className="Dummy"
  >
    <div
      className="Dummy--value"
    >
      Default value
    </div>
    <ul
      className="Dummy--array"
    >
      <li
        key="item-a"
      >
        item-a
      </li>
    </ul>
    <div
      className="Dummy--children"
    />
    <button
      className="Dummy--button"
      onClick={[Function]}
      type="button"
    >
      Button
    </button>
  </div>
</ReduxDummy>
`;
